// Jest Snapshot v1, https://goo.gl/fbAQLP

exports[`Layout Rendering should match snapshot 1`] = `
<DocumentFragment>
  <style
    data-cmpld="true"
  >
    ._19pk1wug{margin-top:auto}._2hwx1wug{margin-right:auto}._otyr1wug{margin-bottom:auto}._18u01wug{margin-left:auto}._kqsw1if8{position:sticky}._154iidpf{top:0}._ca0qgktf{padding-top:20px}._u5f3gktf{padding-right:20px}._n3tdgktf{padding-bottom:20px}._19bvgktf{padding-left:20px}._bfhk11x8{background-color:black}._1pbykb7n{z-index:1}._v564l48m{transition:background-color 0.7s ease}._n7zl1j9v{border-bottom:1px solid white}._otyru29b{margin-bottom:80px}._1f7s9fnn.active{background-color:rgb(29,29,31)}._aetr1yyf:after{content:''}._z0ai1osq:after{width:100%}._1qdgymf6:after{height:70px}._18postnw:after{position:absolute}._1bqqidpf:after{z-index:0}._15l2idpf:after{top:0}._19doidpf:after{left:0}@media screen and (max-width:480px){._183z1wqb{margin-bottom:60px}}
  </style>
  <nav
    class="_183z1wqb _19pk1wug _2hwx1wug _otyru29b _18u01wug _kqsw1if8 _154iidpf _ca0qgktf _u5f3gktf _n3tdgktf _19bvgktf _bfhk11x8 _1pbykb7n _v564l48m _n7zl1j9v _1f7s9fnn _aetr1yyf _z0ai1osq _1qdgymf6 _18postnw _1bqqidpf _15l2idpf _19doidpf"
  >
    <style
      data-cmpld="true"
    >
      ._1e0c1txw{display:flex}._4cvr1h6o{align-items:center}._4t3i1ylp{height:40px}._kqswh2mm{position:relative}._rfqo1r31 a:hover{-webkit-text-decoration-color:currentColor;text-decoration-color:currentColor}._1bgkglyw a:hover{-webkit-text-decoration-line:none;text-decoration-line:none}._1t0pnqa1 a:hover{-webkit-text-decoration-style:solid;text-decoration-style:solid}
    </style>
    <div
      class="_1e0c1txw _4cvr1h6o _4t3i1ylp _kqswh2mm _1pbykb7n _rfqo1r31 _1bgkglyw _1t0pnqa1"
    >
      <style
        data-cmpld="true"
      >
        ._16jlkb7n{flex-grow:1}._1o9zkb7n{flex-shrink:1}._i0dlidpf{flex-basis:0}
      </style>
      <span
        class="_16jlkb7n _1o9zkb7n _i0dlidpf"
      >
        <a
          href="/"
        >
          THNKRN
        </a>
      </span>
      <style
        data-cmpld="true"
      >
        ._y3gnh9n0{text-align:end}
      </style>
      <div
        class="_16jlkb7n _1o9zkb7n _i0dlidpf _y3gnh9n0"
      >
        <style
          data-cmpld="true"
        >
          ._oxk41mvx a:hover{color:#36363a}
        </style>
        <span
          class="_oxk41mvx"
        >
          <a
            href="/"
          >
            Home
          </a>
        </span>
         | 
        <span
          class="_oxk41mvx"
        >
          <a
            href="/Playground"
          >
            Playground
          </a>
        </span>
      </div>
    </div>
  </nav>
  <style
    data-cmpld="true"
  >
    ._19pk1wug{margin-top:auto}._2hwx1wug{margin-right:auto}._otyr1wug{margin-bottom:auto}._18u01wug{margin-left:auto}._1bsb13sl{width:85%}
  </style>
  <div
    class="_19pk1wug _2hwx1wug _otyr1wug _18u01wug _1bsb13sl"
  >
    <div />
  </div>
  <style
    data-cmpld="true"
  >
    ._syaz1x77{color:white}._19pku29b{margin-top:80px}._y3gn1h6o{text-align:center}._x3doxja1{border-top:1px solid #fff}._ca0qgktf{padding-top:20px}._u5f3gktf{padding-right:20px}._n3tdgktf{padding-bottom:20px}._19bvgktf{padding-left:20px}@media screen and (max-width:480px){._za9y1wqb{margin-top:60px}}
  </style>
  <footer
    class="_za9y1wqb _syaz1x77 _19pku29b _y3gn1h6o _x3doxja1 _ca0qgktf _u5f3gktf _n3tdgktf _19bvgktf"
  >
    <style
      data-cmpld="true"
    >
      ._1e0c1txw{display:flex}._1bah1h6o{justify-content:center}._19pk1ylp{margin-top:40px}@media screen and (max-width:480px){._46cc1bp4{flex-direction:column}._za9y19bv{margin-top:10px}}
    </style>
    <div
      class="_46cc1bp4 _za9y19bv _1e0c1txw _1bah1h6o _19pk1ylp"
    >
      <style
        data-cmpld="true"
      >
        ._4cvr1h6o{align-items:center}._1ipk1l7b span{margin-top:3px}._1kdcidpf span{margin-right:0}._3glyidpf span{margin-bottom:0}._1w2u19bv span{margin-left:10px}._19qr12am:not(:first-child){margin-left:50px}@media screen and (max-width:480px){._kv0z1txs:not(:first-child){margin-top:20px!important}._urhrgrf3:not(:first-child){margin-right:0!important}._17kpgrf3:not(:first-child){margin-bottom:0!important}._1ol6grf3:not(:first-child){margin-left:0!important}}
      </style>
      <div
        class="_1e0c1txw _4cvr1h6o _1bah1h6o _1ipk1l7b _1kdcidpf _3glyidpf _1w2u19bv _19qr12am _kv0z1txs _urhrgrf3 _17kpgrf3 _1ol6grf3"
      >
        <svg
          class="_1bsb1tcg _4t3i1tcg _tzy4idpf _18t5kb7n icon loaded"
        >
          <use
            href="/icons/icons-sprite.svg#email"
          />
        </svg>
        <span
          class="fancy"
        >
          t.ariyagusolsuthi@gmail.com
        </span>
      </div>
      <div
        class="_1e0c1txw _4cvr1h6o _1bah1h6o _1ipk1l7b _1kdcidpf _3glyidpf _1w2u19bv _19qr12am _kv0z1txs _urhrgrf3 _17kpgrf3 _1ol6grf3"
      >
        <svg
          class="_1bsb1tcg _4t3i1tcg _tzy4idpf _18t5kb7n icon loaded"
        >
          <use
            href="/icons/icons-sprite.svg#github"
          />
        </svg>
        <span
          class="fancy"
        >
          <a
            href="https://github.com/thnkrn"
          >
            Github
          </a>
        </span>
      </div>
      <div
        class="_1e0c1txw _4cvr1h6o _1bah1h6o _1ipk1l7b _1kdcidpf _3glyidpf _1w2u19bv _19qr12am _kv0z1txs _urhrgrf3 _17kpgrf3 _1ol6grf3"
      >
        <svg
          class="_1bsb1tcg _4t3i1tcg _tzy4idpf _18t5kb7n icon loaded"
        >
          <use
            href="/icons/icons-sprite.svg#linkedin"
          />
        </svg>
        <span
          class="fancy"
        >
          <a
            href="https://www.linkedin.com/in/thanakorn-ariyagusolsuthi"
          >
            Linkedin
          </a>
        </span>
      </div>
    </div>
  </footer>
</DocumentFragment>
`;
