// Jest Snapshot v1, https://goo.gl/fbAQLP

exports[`ImageStaticSite Rendering should match snapshot 1`] = `
<DocumentFragment>
  <style
    data-cmpld="true"
  >
    ._19pk1wug{margin-top:auto}._2hwx1wug{margin-right:auto}._otyr1wug{margin-bottom:auto}._18u01wug{margin-left:auto}._1bsb1n8h{width:70%}@media screen and (max-width:480px){._18l813sl{width:85%}}
  </style>
  <div
    class="_19pk1wug _2hwx1wug _otyr1wug _18u01wug _1bsb1n8h _18l813sl"
  >
    <h1
      class="h1"
    >
      Image Static Site
    </h1>
  </div>
</DocumentFragment>
`;
